// Jest Snapshot v1, https://goo.gl/fbAQLP

exports[`App snapshot Text style 1`] = `
Object {
  "color": "red",
}
`;
